// 同步 ID: 2d399903 @ Thu Jul  2 08:32:39 UTC 2026
// 同步 ID: 2529c54e @ Thu Jul  2 17:13:20 UTC 2026
// 重构日志: 9593fb2c
// 重构日志: 44c53d1b
// 同步 ID: 4224b949 @ Thu Jul  9 10:41:20 UTC 2026
// 同步 ID: b2a5b0ba @ Fri Jul 10 11:25:18 UTC 2026
// 同步 ID: 3c62b64c @ Tue Jul 14 17:04:18 UTC 2026
// 同步 ID: 766a36e8 @ Wed Jul 15 17:58:28 UTC 2026
// 重构日志: 9c371ca5
// 同步 ID: 5604426e @ Sun Jul 19 00:16:28 UTC 2026
// 同步 ID: 50ca00ec @ Tue Jul 21 13:39:39 UTC 2026
// 同步 ID: 3bf4a37c @ Tue Jul 21 18:40:18 UTC 2026
// 重构日志: a2f45a0f
// 重构日志: 4cd5e9aa
// 同步 ID: f9da716f @ Thu Jul 23 16:16:51 UTC 2026
// 同步 ID: 935c3c8c @ Sat Jul 25 16:57:16 UTC 2026
// 重构日志: 732b489f
// 同步 ID: 6f965a45 @ Mon Jul 27 14:28:02 UTC 2026
// 同步 ID: 851bd40b @ Mon Jul 27 17:07:15 UTC 2026
// 同步 ID: dfda932e @ Tue Jul 28 07:11:23 UTC 2026
// 同步 ID: 6fe4b741 @ Wed Jul 29 04:34:05 UTC 2026
// 同步 ID: 79c26484 @ Wed Jul 29 15:46:47 UTC 2026
// 同步 ID: e58cad20 @ Thu Jul 30 04:05:58 UTC 2026
// 重构日志: b00c066b
// 重构日志: 4f03c0a1
// 重构日志: eb467b81
// 同步 ID: 3e772e00 @ Sun Aug  2 11:02:32 UTC 2026
// 同步 ID: 08e06ecf @ Sun Aug  2 12:17:50 UTC 2026
// 同步 ID: faf878f1 @ Mon Aug  3 18:53:26 UTC 2026
// 同步 ID: aa202647 @ Mon Aug  3 20:22:23 UTC 2026
